###############################################################################
#
# IAR ELF Linker V8.40.1.212/W32 for ARM                  14/Nov/2019  21:48:00
# Copyright 2007-2019 IAR Systems AB.
#
#    Output file  =
#        C:\Users\Giovane\Documents\Embarcados\entregas\Projects\lab3-pwm\Debug\Exe\lab3-pwm.out
#    Map file     =
#        C:\Users\Giovane\Documents\Embarcados\entregas\Projects\lab3-pwm\Debug\List\lab3-pwm.map
#    Command line =
#        -f C:\Users\Giovane\AppData\Local\Temp\EWFE77.tmp
#        (C:\Users\Giovane\Documents\Embarcados\entregas\TivaWare_C_Series-2.1.4.178\driverlib\ewarm\Exe\driverlib.a
#        C:\Users\Giovane\Documents\Embarcados\entregas\Projects\lab3-pwm\Debug\Obj\main.o
#        C:\Users\Giovane\Documents\Embarcados\entregas\Projects\lab3-pwm\Debug\Obj\startup_TM4C1294.o
#        C:\Users\Giovane\Documents\Embarcados\entregas\Projects\lab3-pwm\Debug\Obj\system_TM4C1294_TW.o
#        --no_out_extension -o
#        C:\Users\Giovane\Documents\Embarcados\entregas\Projects\lab3-pwm\Debug\Exe\lab3-pwm.out
#        --map
#        C:\Users\Giovane\Documents\Embarcados\entregas\Projects\lab3-pwm\Debug\List\lab3-pwm.map
#        --config "C:\Program Files (x86)\IAR Systems\Embedded Workbench
#        8.3\arm\config\linker\TexasInstruments\TM4C1294NC.icf" --semihosting
#        --entry __iar_program_start --vfe --text_out locale)
#
###############################################################################

*******************************************************************************
*** RUNTIME MODEL ATTRIBUTES
***

CppFlavor       = *
__SystemLibrary = DLib
__dlib_version  = 6


*******************************************************************************
*** HEAP SELECTION
***

The basic heap was selected because some modules are built with
size limitations (and not runtime checking), and --advanced_heap
was not specified.


*******************************************************************************
*** PLACEMENT SUMMARY
***

"A0":  place at address 0x0 { ro section .intvec };
"P1":  place in [from 0x0 to 0xf'ffff] { ro };
define block CSTACK with size = 32K, alignment = 8 { };
define block HEAP with size = 64K, alignment = 8 { };
"P2":  place in [from 0x2000'0000 to 0x2003'ffff] {
          rw, block CSTACK, block HEAP };

  Section          Kind         Address    Size  Object
  -------          ----         -------    ----  ------
"A0":                                     0x3c0
  .intvec          ro code          0x0   0x3c0  startup_TM4C1294.o [1]
                                - 0x3c0   0x3c0

"P1":                                     0xe88
  .text            ro code        0x3c0   0x2b4  main.o [1]
  .text            ro code        0x674   0x29c  sysctl.o [3]
  .text            ro code        0x910   0x25c  gpio.o [3]
  .text            ro code        0xb6c    0x8c  interrupt.o [3]
  .text            ro code        0xbf8    0x86  pwm.o [3]
  .text            ro code        0xc7e    0x3a  zero_init3.o [4]
  .text            ro code        0xcb8   0x162  adc.o [3]
  .text            ro code        0xe1a     0x2  startup_TM4C1294.o [1]
  .text            ro code        0xe1c    0x5a  qei.o [3]
  .text            ro code        0xe78    0x20  fpu.o [3]
  .text            ro code        0xe98     0x8  cpu.o [3]
  .rodata          const          0xea0   0x1b0  sysctl.o [3]
  .rodata          const         0x1050    0x90  gpio.o [3]
  .rodata          const         0x10e0    0x6c  sysctl.o [3]
  .rodata          const         0x114c    0x30  sysctl.o [3]
  .text            ro code       0x117c    0x2c  system_TM4C1294_TW.o [1]
  .text            ro code       0x11a8    0x28  data_init.o [4]
  .iar.init_table  const         0x11d0    0x10  - Linker created -
  .text            ro code       0x11e0    0x1e  cmain.o [4]
  .text            ro code       0x11fe     0x4  low_level_init.o [2]
  .text            ro code       0x1202     0x4  exit.o [2]
  .text            ro code       0x1208     0xa  cexit.o [4]
  .text            ro code       0x1214    0x14  exit.o [5]
  .text            ro code       0x1228    0x14  startup_TM4C1294.o [1]
  .text            ro code       0x123c     0xc  cstartup_M.o [4]
  .rodata          const         0x1248     0x0  zero_init3.o [4]
                               - 0x1248   0xe88

"P2", part 1 of 2:                         0x14
  .bss             zero     0x2000'0000     0x4  main.o [1]
  .bss             zero     0x2000'0004     0x4  main.o [1]
  .bss             zero     0x2000'0008     0x4  main.o [1]
  .bss             zero     0x2000'000c     0x4  main.o [1]
  .bss             zero     0x2000'0010     0x1  main.o [1]
                          - 0x2000'0011    0x11

"P2", part 2 of 2:                       0x8004
  .noinit          uninit   0x2000'0014     0x4  system_TM4C1294_TW.o [1]
  CSTACK                    0x2000'0018  0x8000  <Block>
    CSTACK         uninit   0x2000'0018  0x8000  <Block tail>
                          - 0x2000'8018  0x8004

Unused ranges:

         From           To      Size
         ----           --      ----
       0x1248     0xf'ffff  0xf'edb8
  0x2000'8018  0x2003'ffff  0x3'7fe8


*******************************************************************************
*** INIT TABLE
***

          Address      Size
          -------      ----
Zero (__iar_zero_init3)
    1 destination range, total size 0x11:
          0x2000'0000  0x11



*******************************************************************************
*** MODULE SUMMARY
***

    Module                ro code  ro data  rw data
    ------                -------  -------  -------
command line/config:
    -----------------------------------------------
    Total:

C:\Users\Giovane\Documents\Embarcados\entregas\Projects\lab3-pwm\Debug\Obj: [1]
    main.o                    692                17
    startup_TM4C1294.o        982
    system_TM4C1294_TW.o       44                 4
    -----------------------------------------------
    Total:                  1'718                21

dl7M_tln.a: [2]
    exit.o                      4
    low_level_init.o            4
    -----------------------------------------------
    Total:                      8

driverlib.a: [3]
    adc.o                     354
    cpu.o                       8
    fpu.o                      32
    gpio.o                    604      144
    interrupt.o               140
    pwm.o                     134
    qei.o                      90
    sysctl.o                  668      588
    -----------------------------------------------
    Total:                  2'030      732

rt7M_tl.a: [4]
    cexit.o                    10
    cmain.o                    30
    cstartup_M.o               12
    data_init.o                40
    zero_init3.o               58
    -----------------------------------------------
    Total:                    150

shb_l.a: [5]
    exit.o                     20
    -----------------------------------------------
    Total:                     20

    Gaps                        6
    Linker created                      16   32'768
---------------------------------------------------
    Grand Total:            3'932      748   32'789


*******************************************************************************
*** ENTRY LIST
***

Entry                       Address   Size  Type      Object
-----                       -------   ----  ----      ------
.iar.init_table$$Base        0x11d0          --   Gb  - Linker created -
.iar.init_table$$Limit       0x11e0          --   Gb  - Linker created -
?main                        0x11e1         Code  Gb  cmain.o [4]
ADCInit                       0x4b9   0x38  Code  Gb  main.o [1]
ADCIntStatus                  0xcb9   0x2c  Code  Gb  adc.o [3]
ADCProcessorTrigger           0xdf5   0x1c  Code  Gb  adc.o [3]
ADCSequenceConfigure          0xceb   0x54  Code  Gb  adc.o [3]
ADCSequenceDataGet            0xdcd   0x28  Code  Gb  adc.o [3]
ADCSequenceEnable             0xce5    0x6  Code  Gb  adc.o [3]
ADCSequenceStepConfigure
                              0xd3f   0x76  Code  Gb  adc.o [3]
CPUcpsie                      0xe99    0x8  Code  Gb  cpu.o [3]
CSTACK$$Base            0x2000'0018          --   Gb  - Linker created -
CSTACK$$Limit           0x2000'8018          --   Gb  - Linker created -
FPUEnable                     0xe79    0xc  Code  Gb  fpu.o [3]
FPULazyStackingEnable         0xe85    0xc  Code  Gb  fpu.o [3]
GPIODirModeSet                0x911   0x28  Code  Gb  gpio.o [3]
GPIOInit                      0x3c1   0xae  Code  Gb  main.o [1]
GPIOIntClear                  0xa8d    0x8  Code  Gb  gpio.o [3]
GPIOIntEnable                 0xa87    0x6  Code  Gb  gpio.o [3]
GPIOIntTypeSet                0x939   0x4c  Code  Gb  gpio.o [3]
GPIOJ_Handler                 0x517   0x22  Code  Gb  main.o [1]
GPIOPadConfigSet              0x985  0x102  Code  Gb  gpio.o [3]
GPIOPinConfigure              0xb23   0x36  Code  Gb  gpio.o [3]
GPIOPinTypeADC                0xa9d    0x4  Code  Gb  gpio.o [3]
GPIOPinTypeGPIOInput          0xabb   0x14  Code  Gb  gpio.o [3]
GPIOPinTypeGPIOOutput         0xacf    0xa  Code  Gb  gpio.o [3]
GPIOPinTypePWM                0xaeb   0x14  Code  Gb  gpio.o [3]
GPIOPinTypeQEI                0xb07   0x14  Code  Gb  gpio.o [3]
GPIOPinWrite                  0xa95    0x8  Code  Gb  gpio.o [3]
IntEnable                     0xb7d   0x46  Code  Gb  interrupt.o [3]
IntMasterEnable               0xb6d    0x8  Code  Gb  interrupt.o [3]
PWMGenConfigure               0xbf9   0x2e  Code  Gb  pwm.o [3]
PWMGenEnable                  0xc3b    0xc  Code  Gb  pwm.o [3]
PWMGenPeriodSet               0xc27   0x14  Code  Gb  pwm.o [3]
PWMInit                       0x46f   0x4a  Code  Gb  main.o [1]
PWMOutputState                0xc6b   0x14  Code  Gb  pwm.o [3]
PWMPulseWidthSet              0xc47   0x24  Code  Gb  pwm.o [3]
PotRead                       0x4f1   0x26  Code  Gb  main.o [1]
PotValue                0x2000'0000    0x4  Data  Gb  main.o [1]
QEIConfigure                  0xe27   0x10  Code  Gb  qei.o [3]
QEIDirectionGet               0xe43   0x12  Code  Gb  qei.o [3]
QEIEnable                     0xe1d    0xa  Code  Gb  qei.o [3]
QEIInit                       0x5a9   0x40  Code  Gb  main.o [1]
QEIPositionGet                0xe37    0x6  Code  Gb  qei.o [3]
QEIPositionSet                0xe3d    0x6  Code  Gb  qei.o [3]
QEIVelocityConfigure          0xe5f   0x12  Code  Gb  qei.o [3]
QEIVelocityEnable             0xe55    0xa  Code  Gb  qei.o [3]
QEIVelocityGet                0xe71    0x6  Code  Gb  qei.o [3]
Region$$Table$$Base          0x11d0          --   Gb  - Linker created -
Region$$Table$$Limit         0x11e0          --   Gb  - Linker created -
RunMotor                      0x539   0x70  Code  Gb  main.o [1]
SysCtlClockFreqSet            0x6d5  0x1fc  Code  Gb  sysctl.o [3]
SysCtlPeripheralEnable        0x6b7    0x8  Code  Gb  sysctl.o [3]
SysCtlPeripheralReady         0x695    0x8  Code  Gb  sysctl.o [3]
SystemCoreClock         0x2000'0014    0x4  Data  Gb  system_TM4C1294_TW.o [1]
SystemInit                   0x117d   0x1a  Code  Gb  system_TM4C1294_TW.o [1]
_SysCtlMemTimingGet           0x675   0x20  Code  Lc  sysctl.o [3]
__Vectors                       0x0          --   Gb  startup_TM4C1294.o [1]
__Vectors_End                 0x3c0         Data  Gb  startup_TM4C1294.o [1]
__Vectors_Size {Abs}          0x3c0          --   Gb  startup_TM4C1294.o [1]
__cmain                      0x11e1         Code  Gb  cmain.o [4]
__exit                       0x1215   0x14  Code  Gb  exit.o [5]
__iar_data_init3             0x11a9   0x28  Code  Gb  data_init.o [4]
__iar_init_vfp               0x1231         Code  Wk  startup_TM4C1294.o [1]
__iar_program_start          0x123d         Code  Gb  cstartup_M.o [4]
__iar_zero_init3              0xc7f   0x3a  Code  Gb  zero_init3.o [4]
__low_level_init             0x11ff    0x4  Code  Gb  low_level_init.o [2]
__vector_table                  0x0         Data  Gb  startup_TM4C1294.o [1]
__vector_table_0x1c            0x1c         Data  Gb  startup_TM4C1294.o [1]
_call_main                   0x11ed         Code  Gb  cmain.o [4]
_exit                        0x1209         Code  Gb  cexit.o [4]
_main                        0x11fb         Code  Gb  cmain.o [4]
dc                      0x2000'0004    0x4  Data  Gb  main.o [1]
exit                         0x1203    0x4  Code  Gb  exit.o [2]
g_pppui32XTALtoVCO            0xea0  0x1b0  Data  Lc  sysctl.o [3]
g_pui32EnRegs                 0xbe4   0x14  Data  Lc  interrupt.o [3]
g_pui32GPIOBaseAddrs         0x1050   0x90  Data  Lc  gpio.o [3]
g_pui32VCOFrequencies         0x908    0x8  Data  Lc  sysctl.o [3]
g_pui32Xtals                 0x10e0   0x6c  Data  Lc  sysctl.o [3]
g_sXTALtoMEMTIM              0x114c   0x30  Data  Lc  sysctl.o [3]
horario                 0x2000'0010    0x1  Data  Gb  main.o [1]
main                          0x651   0x24  Code  Gb  main.o [1]
qei_dir                 0x2000'000c    0x4  Data  Gb  main.o [1]
qei_vel                 0x2000'0008    0x4  Data  Gb  main.o [1]


[1] = C:\Users\Giovane\Documents\Embarcados\entregas\Projects\lab3-pwm\Debug\Obj
[2] = dl7M_tln.a
[3] = driverlib.a
[4] = rt7M_tl.a
[5] = shb_l.a

   3'932 bytes of readonly  code memory
     748 bytes of readonly  data memory
  32'789 bytes of readwrite data memory

Errors: none
Warnings: none
