###############################################################################
#
# IAR ELF Linker V8.40.1.212/W32 for ARM                  30/Oct/2019  15:55:08
# Copyright 2007-2019 IAR Systems AB.
#
#    Output file  =
#        C:\Users\Giovane\Documents\Embarcados\entregas\Projects\lab2\Debug\Exe\lab2.out
#    Map file     =
#        C:\Users\Giovane\Documents\Embarcados\entregas\Projects\lab2\Debug\List\lab2.map
#    Command line =
#        -f C:\Users\Giovane\AppData\Local\Temp\EW7DEE.tmp
#        (C:\Users\Giovane\Documents\Embarcados\entregas\TivaWare_C_Series-2.1.4.178\driverlib\ewarm\Exe\driverlib.a
#        C:\Users\Giovane\Documents\Embarcados\entregas\Projects\lab2\Debug\Obj\main.o
#        C:\Users\Giovane\Documents\Embarcados\entregas\Projects\lab2\Debug\Obj\startup_TM4C1294.o
#        C:\Users\Giovane\Documents\Embarcados\entregas\Projects\lab2\Debug\Obj\system_TM4C1294_TW.o
#        C:\Users\Giovane\Documents\Embarcados\entregas\Projects\lab2\Debug\Obj\uartstdio.o
#        --no_out_extension -o
#        C:\Users\Giovane\Documents\Embarcados\entregas\Projects\lab2\Debug\Exe\lab2.out
#        --map
#        C:\Users\Giovane\Documents\Embarcados\entregas\Projects\lab2\Debug\List\lab2.map
#        --config "C:\Program Files (x86)\IAR Systems\Embedded Workbench
#        8.3\arm\config\linker\TexasInstruments\TM4C1294NC.icf" --semihosting
#        --entry __iar_program_start --vfe --text_out locale)
#
###############################################################################

*******************************************************************************
*** RUNTIME MODEL ATTRIBUTES
***

CppFlavor       = *
__SystemLibrary = DLib
__dlib_version  = 6


*******************************************************************************
*** HEAP SELECTION
***

The basic heap was selected because some modules are built with
size limitations (and not runtime checking), and --advanced_heap
was not specified.


*******************************************************************************
*** PLACEMENT SUMMARY
***

"A0":  place at address 0x0 { ro section .intvec };
"P1":  place in [from 0x0 to 0xf'ffff] { ro };
define block CSTACK with size = 32K, alignment = 8 { };
define block HEAP with size = 64K, alignment = 8 { };
"P2":  place in [from 0x2000'0000 to 0x2003'ffff] {
          rw, block CSTACK, block HEAP };

  Section          Kind         Address    Size  Object
  -------          ----         -------    ----  ------
"A0":                                     0x3c0
  .intvec          ro code          0x0   0x3c0  startup_TM4C1294.o [1]
                                - 0x3c0   0x3c0

"P1":                                    0x2cc0
  .text            ro code        0x3c0   0xdaa  xprintflarge_nomb.o [2]
  .text            ro code       0x116a    0x3a  zero_init3.o [5]
  .text            ro code       0x11a4    0x16  strchr.o [5]
  .text            ro code       0x11ba     0xa  xsprout.o [2]
  .text            ro code       0x11c4    0x40  xfail_s.o [2]
  .text            ro code       0x1204    0x36  strlen.o [5]
  .text            ro code       0x123a     0x2  startup_TM4C1294.o [1]
  .text            ro code       0x123c    0x58  memchr.o [5]
  .text            ro code       0x1294    0xa6  ABImemcpy.o [5]
  .text            ro code       0x133c    0x70  frexp.o [4]
  .text            ro code       0x13ac   0x246  DblDiv.o [4]
  .text            ro code       0x15f4    0x28  DblToU32.o [4]
  .text            ro code       0x161c    0x1a  U32ToDbl.o [4]
  .text            ro code       0x1638    0xe2  DblSub.o [4]
  .text            ro code       0x171c   0x1a2  DblMul.o [4]
  .text            ro code       0x18c0   0x230  I64DivMod.o [5]
  .text            ro code       0x1af0     0x6  abort.o [2]
  .text            ro code       0x1af8   0x16a  DblAdd.o [4]
  .text            ro code       0x1c64     0x2  I64DivZer.o [5]
  .text            ro code       0x1c68    0x14  exit.o [6]
  .text            ro code       0x1c7c   0x518  uartstdio.o [1]
  .text            ro code       0x2194    0xec  interrupt.o [3]
  .text            ro code       0x2280   0x114  uart.o [3]
  .text            ro code       0x2394   0x2ac  sysctl.o [3]
  .text            ro code       0x2640    0x10  cpu.o [3]
  .text            ro code       0x2650   0x2bc  main.o [1]
  .text            ro code       0x290c   0x1c4  gpio.o [3]
  .text            ro code       0x2ad0    0xbe  timer.o [3]
  .text            ro code       0x2b8e     0xe  U32ToFlt.o [4]
  .text            ro code       0x2b9c    0x12  FltDiv.o [4]
  .text            ro code       0x2bb0    0x48  FltToDbl.o [4]
  .text            ro code       0x2bf8    0x12  FltMul.o [4]
  .text            ro code       0x2c0c    0x40  sprintf.o [2]
  .text            ro code       0x2c4c     0x4  exit.o [2]
  .text            ro code       0x2c50     0xa  cexit.o [5]
  .rodata          const         0x2c5c   0x1b0  sysctl.o [3]
  .rodata          const         0x2e0c    0x90  gpio.o [3]
  .rodata          const         0x2e9c    0x6c  sysctl.o [3]
  .rodata          const         0x2f08    0x34  main.o [1]
  .rodata          const         0x2f3c    0x30  sysctl.o [3]
  .text            ro code       0x2f6c    0x28  data_init.o [5]
  .iar.init_table  const         0x2f94    0x10  - Linker created -
  .text            ro code       0x2fa4    0x20  system_TM4C1294_TW.o [1]
  .text            ro code       0x2fc4    0x1e  cmain.o [5]
  .text            ro code       0x2fe2     0x4  low_level_init.o [2]
  .rodata          const         0x2fe8    0x14  main.o [1]
  .rodata          const         0x2ffc    0x14  uartstdio.o [1]
  .text            ro code       0x3010    0x14  startup_TM4C1294.o [1]
  .rodata          const         0x3024     0xc  main.o [1]
  .rodata          const         0x3030     0xc  main.o [1]
  .rodata          const         0x303c     0xc  uartstdio.o [1]
  .rodata          const         0x3048     0xc  uartstdio.o [1]
  .rodata          const         0x3054     0xc  uartstdio.o [1]
  .text            ro code       0x3060     0xc  cstartup_M.o [5]
  .rodata          const         0x306c     0x8  main.o [1]
  .rodata          const         0x3074     0x8  uartstdio.o [1]
  .rodata          const         0x307c     0x4  uartstdio.o [1]
  .rodata          const         0x3080     0x0  zero_init3.o [5]
                               - 0x3080  0x2cc0

"P2", part 1 of 2:                        0x4fc
  .bss             zero     0x2000'0000   0x400  uartstdio.o [1]
  .bss             zero     0x2000'0400    0x80  uartstdio.o [1]
  .bss             zero     0x2000'0480    0x50  main.o [1]
  .bss             zero     0x2000'04d0     0x4  main.o [1]
  .bss             zero     0x2000'04d4     0x4  main.o [1]
  .bss             zero     0x2000'04d8     0x4  main.o [1]
  .bss             zero     0x2000'04dc     0x4  uartstdio.o [1]
  .bss             zero     0x2000'04e0     0x4  uartstdio.o [1]
  .bss             zero     0x2000'04e4     0x4  uartstdio.o [1]
  .bss             zero     0x2000'04e8     0x4  uartstdio.o [1]
  .bss             zero     0x2000'04ec     0x4  uartstdio.o [1]
  .bss             zero     0x2000'04f0     0x4  uartstdio.o [1]
  .bss             zero     0x2000'04f4     0x4  xfail_s.o [2]
  .bss             zero     0x2000'04f8     0x1  uartstdio.o [1]
  .bss             zero     0x2000'04f9     0x1  uartstdio.o [1]
                          - 0x2000'04fa   0x4fa

"P2", part 2 of 2:                       0x8004
  .noinit          uninit   0x2000'04fc     0x4  system_TM4C1294_TW.o [1]
  CSTACK                    0x2000'0500  0x8000  <Block>
    CSTACK         uninit   0x2000'0500  0x8000  <Block tail>
                          - 0x2000'8500  0x8004

Unused ranges:

         From           To      Size
         ----           --      ----
       0x3080     0xf'ffff  0xf'cf80
  0x2000'8500  0x2003'ffff  0x3'7b00


*******************************************************************************
*** INIT TABLE
***

          Address      Size
          -------      ----
Zero (__iar_zero_init3)
    1 destination range, total size 0x4fa:
          0x2000'0000  0x4fa



*******************************************************************************
*** MODULE SUMMARY
***

    Module                ro code  ro data  rw data
    ------                -------  -------  -------
command line/config:
    -----------------------------------------------
    Total:

C:\Users\Giovane\Documents\Embarcados\entregas\Projects\lab2\Debug\Obj: [1]
    main.o                    700      104       92
    startup_TM4C1294.o        982
    system_TM4C1294_TW.o       32                 4
    uartstdio.o             1'304       68    1'178
    -----------------------------------------------
    Total:                  3'018      172    1'274

dl7M_tln.a: [2]
    abort.o                     6
    exit.o                      4
    low_level_init.o            4
    sprintf.o                  64
    xfail_s.o                  64                 4
    xprintflarge_nomb.o     3'498
    xsprout.o                  10
    -----------------------------------------------
    Total:                  3'650                 4

driverlib.a: [3]
    cpu.o                      16
    gpio.o                    452      144
    interrupt.o               236
    sysctl.o                  684      588
    timer.o                   190
    uart.o                    276
    -----------------------------------------------
    Total:                  1'854      732

m7M_tls.a: [4]
    DblAdd.o                  362
    DblDiv.o                  582
    DblMul.o                  418
    DblSub.o                  226
    DblToU32.o                 40
    FltDiv.o                   18
    FltMul.o                   18
    FltToDbl.o                 72
    U32ToDbl.o                 26
    U32ToFlt.o                 14
    frexp.o                   112
    -----------------------------------------------
    Total:                  1'888

rt7M_tl.a: [5]
    ABImemcpy.o               166
    I64DivMod.o               560
    I64DivZer.o                 2
    cexit.o                    10
    cmain.o                    30
    cstartup_M.o               12
    data_init.o                40
    memchr.o                   88
    strchr.o                   22
    strlen.o                   54
    zero_init3.o               58
    -----------------------------------------------
    Total:                  1'042

shb_l.a: [6]
    exit.o                     20
    -----------------------------------------------
    Total:                     20

    Gaps                       20        4
    Linker created                      16   32'768
---------------------------------------------------
    Grand Total:           11'492      924   34'046


*******************************************************************************
*** ENTRY LIST
***

Entry                       Address   Size  Type      Object
-----                       -------   ----  ----      ------
.iar.init_table$$Base        0x2f94          --   Gb  - Linker created -
.iar.init_table$$Limit       0x2fa4          --   Gb  - Linker created -
?main                        0x2fc5         Code  Gb  cmain.o [5]
CPUcpsid                     0x2641    0x8  Code  Gb  cpu.o [3]
CPUcpsie                     0x2649    0x8  Code  Gb  cpu.o [3]
CSTACK$$Base            0x2000'0500          --   Gb  - Linker created -
CSTACK$$Limit           0x2000'8500          --   Gb  - Linker created -
GPIODirModeSet               0x290d   0x28  Code  Gb  gpio.o [3]
GPIOPadConfigSet             0x2935  0x102  Code  Gb  gpio.o [3]
GPIOPinConfigure             0x2a8f   0x36  Code  Gb  gpio.o [3]
GPIOPinRead                  0x2a37    0x8  Code  Gb  gpio.o [3]
GPIOPinTypeGPIOInput         0x2a43   0x14  Code  Gb  gpio.o [3]
GPIOPinTypeTimer             0x2a5f   0x14  Code  Gb  gpio.o [3]
GPIOPinTypeUART              0x2a73   0x14  Code  Gb  gpio.o [3]
IntDisable                   0x21f5   0x46  Code  Gb  interrupt.o [3]
IntEnable                    0x21ad   0x46  Code  Gb  interrupt.o [3]
IntMasterDisable             0x219d    0x6  Code  Gb  interrupt.o [3]
IntMasterEnable              0x2195    0x8  Code  Gb  interrupt.o [3]
IsBufferEmpty                0x1c99   0x12  Code  Lc  uartstdio.o [1]
IsBufferFull                 0x1c7d   0x1c  Code  Lc  uartstdio.o [1]
PORTInit                     0x26ad   0x2e  Code  Gb  main.o [1]
Region$$Table$$Base          0x2f94          --   Gb  - Linker created -
Region$$Table$$Limit         0x2fa4          --   Gb  - Linker created -
SysCtlClockFreqSet           0x23ff  0x1fc  Code  Gb  sysctl.o [3]
SysCtlPeripheralEnable       0x23e1    0x8  Code  Gb  sysctl.o [3]
SysCtlPeripheralPresent
                             0x23b5    0xa  Code  Gb  sysctl.o [3]
SysCtlPeripheralReady        0x23bf    0x8  Code  Gb  sysctl.o [3]
SystemCoreClock         0x2000'04fc    0x4  Data  Gb  system_TM4C1294_TW.o [1]
SystemInit                   0x2fa5   0x10  Code  Gb  system_TM4C1294_TW.o [1]
TIMER0A_Handler              0x2751   0x12  Code  Gb  main.o [1]
TIMER0Init                   0x26db   0x38  Code  Gb  main.o [1]
TIMER2A_Handler              0x2763   0x1a  Code  Gb  main.o [1]
TIMER2Init                   0x2713   0x3e  Code  Gb  main.o [1]
TimerConfigure               0x2ae1   0x54  Code  Gb  timer.o [3]
TimerControlEvent            0x2b45   0x16  Code  Gb  timer.o [3]
TimerEnable                  0x2ad1   0x10  Code  Gb  timer.o [3]
TimerIntClear                0x2b89    0x6  Code  Gb  timer.o [3]
TimerIntEnable               0x2b7f    0xa  Code  Gb  timer.o [3]
TimerLoadSet                 0x2b5b   0x18  Code  Gb  timer.o [3]
TimerValueGet                0x2b73    0xc  Code  Gb  timer.o [3]
UART0_Handler                0x26a5    0x8  Code  Gb  main.o [1]
UARTCharGetNonBlocking       0x2347   0x14  Code  Gb  uart.o [3]
UARTCharPutNonBlocking       0x235b   0x16  Code  Gb  uart.o [3]
UARTCharsAvail               0x232f    0x8  Code  Gb  uart.o [3]
UARTConfigSetExpClk          0x2289   0x5c  Code  Gb  uart.o [3]
UARTDisable                  0x22ff   0x22  Code  Gb  uart.o [3]
UARTEnable                   0x22e5   0x1a  Code  Gb  uart.o [3]
UARTFIFOLevelSet             0x2281    0x8  Code  Gb  uart.o [3]
UARTFlushRx                  0x1fe9   0x1c  Code  Gb  uartstdio.o [1]
UARTFlushTx                  0x2005   0x30  Code  Gb  uartstdio.o [1]
UARTInit                     0x2651   0x54  Code  Gb  main.o [1]
UARTIntClear                 0x238f    0x6  Code  Gb  uart.o [3]
UARTIntDisable               0x2377    0x4  Code  Gb  uart.o [3]
UARTIntEnable                0x2371    0x6  Code  Gb  uart.o [3]
UARTIntStatus                0x2383    0xc  Code  Gb  uart.o [3]
UARTPrimeTransmit            0x1cab   0x6a  Code  Lc  uartstdio.o [1]
UARTSpaceAvail               0x2337    0x6  Code  Gb  uart.o [3]
UARTStdioConfig              0x1d15   0x7e  Code  Gb  uartstdio.o [1]
UARTStdioIntHandler          0x2039  0x116  Code  Gb  uartstdio.o [1]
UARTStdioIntHandler::bLastWasCR
                        0x2000'04f9    0x1  Data  Lc  uartstdio.o [1]
UARTprintf                   0x1fdb    0xe  Code  Gb  uartstdio.o [1]
UARTvprintf                  0x1e25  0x1b6  Code  Gb  uartstdio.o [1]
UARTwrite                    0x1d93   0x92  Code  Gb  uartstdio.o [1]
_LitobLargeNoMb               0xf3f  0x10a  Code  Lc  xprintflarge_nomb.o [2]
_PrintfLargeNoMb              0x3c1  0xb78  Code  Gb  xprintflarge_nomb.o [2]
_PutcharLargeNoMb            0x10b1   0x20  Code  Lc  xprintflarge_nomb.o [2]
_PutcharsLargeNoMb           0x10d1   0x2e  Code  Lc  xprintflarge_nomb.o [2]
_SProut                      0x11bb    0xa  Code  Gb  xsprout.o [2]
_SysCtlMemTimingGet          0x2395   0x20  Code  Lc  sysctl.o [3]
__Vectors                       0x0          --   Gb  startup_TM4C1294.o [1]
__Vectors_End                 0x3c0         Data  Gb  startup_TM4C1294.o [1]
__Vectors_Size {Abs}          0x3c0          --   Gb  startup_TM4C1294.o [1]
__aeabi_d2uiz                0x15f5         Code  Gb  DblToU32.o [4]
__aeabi_ddiv                 0x13ad         Code  Gb  DblDiv.o [4]
__aeabi_dmul                 0x171d         Code  Gb  DblMul.o [4]
__aeabi_dsub                 0x1639         Code  Gb  DblSub.o [4]
__aeabi_f2d                  0x2bb1         Code  Gb  FltToDbl.o [4]
__aeabi_fdiv                 0x2b9d   0x12  Code  Gb  FltDiv.o [4]
__aeabi_fmul                 0x2bf9   0x12  Code  Gb  FltMul.o [4]
__aeabi_ldiv0                0x1c65         Code  Gb  I64DivZer.o [5]
__aeabi_memcpy               0x1295         Code  Gb  ABImemcpy.o [5]
__aeabi_memcpy4              0x12b5         Code  Gb  ABImemcpy.o [5]
__aeabi_memcpy8              0x12b5         Code  Gb  ABImemcpy.o [5]
__aeabi_ui2d                 0x161d         Code  Gb  U32ToDbl.o [4]
__aeabi_ui2f                 0x2b8f    0xe  Code  Gb  U32ToFlt.o [4]
__aeabi_uldivmod             0x18c1         Code  Gb  I64DivMod.o [5]
__cmain                      0x2fc5         Code  Gb  cmain.o [5]
__exit                       0x1c69   0x14  Code  Gb  exit.o [6]
__iar_Fail_s                 0x11c5   0x1c  Code  Gb  xfail_s.o [2]
__iar_Memchr                 0x123d         Code  Gb  memchr.o [5]
__iar_Strchr                 0x11a5         Code  Gb  strchr.o [5]
__iar_dadd                   0x1649         Code  Gb  DblSub.o [4]
__iar_data_init3             0x2f6d   0x28  Code  Gb  data_init.o [5]
__iar_dsub                   0x1af9         Code  Gb  DblAdd.o [4]
__iar_dsubStart              0x1b0b         Code  Gb  DblAdd.o [4]
__iar_frexp                  0x1349         Code  Gb  frexp.o [4]
__iar_frexpl                 0x1349         Code  Gb  frexp.o [4]
__iar_init_vfp               0x3019         Code  Wk  startup_TM4C1294.o [1]
__iar_program_start          0x3061         Code  Gb  cstartup_M.o [5]
__iar_softfp___iar_frexp64
                             0x133d         Code  Gb  frexp.o [4]
__iar_softfp_frexp           0x133d         Code  Gb  frexp.o [4]
__iar_softfp_frexpl          0x133d         Code  Gb  frexp.o [4]
__iar_zero_init3             0x116b   0x3a  Code  Gb  zero_init3.o [5]
__low_level_init             0x2fe3    0x4  Code  Gb  low_level_init.o [2]
__vector_table                  0x0         Data  Gb  startup_TM4C1294.o [1]
__vector_table_0x1c            0x1c         Data  Gb  startup_TM4C1294.o [1]
_call_main                   0x2fd1         Code  Gb  cmain.o [5]
_exit                        0x2c51         Code  Gb  cexit.o [5]
_main                        0x2fdf         Code  Gb  cmain.o [5]
abort                        0x1af1    0x6  Code  Gb  abort.o [2]
borda                   0x2000'04d4    0x4  Data  Gb  main.o [1]
ct_sample               0x2000'04d8    0x4  Data  Gb  main.o [1]
exit                         0x2c4d    0x4  Code  Gb  exit.o [2]
g_bDisableEcho          0x2000'04f8    0x1  Data  Lc  uartstdio.o [1]
g_pcHex                      0x307c    0x4  Data  Lc  uartstdio.o [1]
g_pcUARTRxBuffer        0x2000'0400   0x80  Data  Lc  uartstdio.o [1]
g_pcUARTTxBuffer        0x2000'0000  0x400  Data  Lc  uartstdio.o [1]
g_pppui32XTALtoVCO           0x2c5c  0x1b0  Data  Lc  sysctl.o [3]
g_pui32Dii16Regs             0x226c   0x14  Data  Lc  interrupt.o [3]
g_pui32EnRegs                0x2258   0x14  Data  Lc  interrupt.o [3]
g_pui32GPIOBaseAddrs         0x2e0c   0x90  Data  Lc  gpio.o [3]
g_pui32VCOFrequencies        0x2638    0x8  Data  Lc  sysctl.o [3]
g_pui32Xtals                 0x2e9c   0x6c  Data  Lc  sysctl.o [3]
g_sXTALtoMEMTIM              0x2f3c   0x30  Data  Lc  sysctl.o [3]
g_ui32Base              0x2000'04ec    0x4  Data  Lc  uartstdio.o [1]
g_ui32PortNum           0x2000'04f0    0x4  Data  Lc  uartstdio.o [1]
g_ui32UARTBase               0x303c    0xc  Data  Lc  uartstdio.o [1]
g_ui32UARTInt                0x3048    0xc  Data  Lc  uartstdio.o [1]
g_ui32UARTPeriph             0x3054    0xc  Data  Lc  uartstdio.o [1]
g_ui32UARTRxReadIndex   0x2000'04e8    0x4  Data  Lc  uartstdio.o [1]
g_ui32UARTRxWriteIndex  0x2000'04e4    0x4  Data  Lc  uartstdio.o [1]
g_ui32UARTTxReadIndex   0x2000'04e0    0x4  Data  Lc  uartstdio.o [1]
g_ui32UARTTxWriteIndex  0x2000'04dc    0x4  Data  Lc  uartstdio.o [1]
imprime                      0x277d   0xa8  Code  Gb  main.o [1]
main                         0x2825   0x8e  Code  Gb  main.o [1]
memchr                       0x123d         Code  Gb  memchr.o [5]
sample                  0x2000'0480   0x50  Data  Gb  main.o [1]
scale                        0x1049   0x46  Code  Lc  xprintflarge_nomb.o [2]
sec_hand                0x2000'04f4    0x4  Data  Lc  xfail_s.o [2]
sprintf                      0x2c0d   0x40  Code  Gb  sprintf.o [2]
strchr                       0x11a5         Code  Gb  strchr.o [5]
strlen                       0x1205         Code  Gb  strlen.o [5]
time_out                0x2000'04d0    0x4  Data  Gb  main.o [1]


[1] = C:\Users\Giovane\Documents\Embarcados\entregas\Projects\lab2\Debug\Obj
[2] = dl7M_tln.a
[3] = driverlib.a
[4] = m7M_tls.a
[5] = rt7M_tl.a
[6] = shb_l.a

  11'492 bytes of readonly  code memory
     924 bytes of readonly  data memory
  34'046 bytes of readwrite data memory

Errors: none
Warnings: none
