###############################################################################
#
# IAR ELF Linker V8.40.1.212/W32 for ARM                  25/Oct/2019  17:14:31
# Copyright 2007-2019 IAR Systems AB.
#
#    Output file  =
#        C:\Users\Giovane\Documents\Embarcados\entregas\Projects\lab2\Debug\Exe\lab2.out
#    Map file     =
#        C:\Users\Giovane\Documents\Embarcados\entregas\Projects\lab2\Debug\List\lab2.map
#    Command line =
#        -f C:\Users\Giovane\AppData\Local\Temp\EW511D.tmp
#        (C:\Users\Giovane\Documents\Embarcados\entregas\TivaWare_C_Series-2.1.4.178\driverlib\ewarm\Exe\driverlib.a
#        C:\Users\Giovane\Documents\Embarcados\entregas\Projects\lab2\Debug\Obj\main.o
#        C:\Users\Giovane\Documents\Embarcados\entregas\Projects\lab2\Debug\Obj\startup_TM4C1294.o
#        C:\Users\Giovane\Documents\Embarcados\entregas\Projects\lab2\Debug\Obj\system_TM4C1294_TW.o
#        C:\Users\Giovane\Documents\Embarcados\entregas\Projects\lab2\Debug\Obj\uartstdio.o
#        --no_out_extension -o
#        C:\Users\Giovane\Documents\Embarcados\entregas\Projects\lab2\Debug\Exe\lab2.out
#        --map
#        C:\Users\Giovane\Documents\Embarcados\entregas\Projects\lab2\Debug\List\lab2.map
#        --config "C:\Program Files (x86)\IAR Systems\Embedded Workbench
#        8.3\arm\config\linker\TexasInstruments\TM4C1294NC.icf" --semihosting
#        --entry __iar_program_start --vfe --text_out locale)
#
###############################################################################

*******************************************************************************
*** RUNTIME MODEL ATTRIBUTES
***

CppFlavor       = *
__SystemLibrary = DLib
__dlib_version  = 6


*******************************************************************************
*** HEAP SELECTION
***

The basic heap was selected because some modules are built with
size limitations (and not runtime checking), and --advanced_heap
was not specified.


*******************************************************************************
*** PLACEMENT SUMMARY
***

"A0":  place at address 0x0 { ro section .intvec };
"P1":  place in [from 0x0 to 0xf'ffff] { ro };
define block CSTACK with size = 32K, alignment = 8 { };
define block HEAP with size = 64K, alignment = 8 { };
"P2":  place in [from 0x2000'0000 to 0x2003'ffff] {
          rw, block CSTACK, block HEAP };

  Section          Kind         Address    Size  Object
  -------          ----         -------    ----  ------
"A0":                                     0x3c0
  .intvec          ro code          0x0   0x3c0  startup_TM4C1294.o [1]
                                - 0x3c0   0x3c0

"P1":                                    0x131c
  .text            ro code        0x3c0   0x518  uartstdio.o [1]
  .text            ro code        0x8d8    0xec  interrupt.o [3]
  .text            ro code        0x9c4   0x114  uart.o [3]
  .text            ro code        0xad8   0x2ac  sysctl.o [3]
  .text            ro code        0xd84    0x10  cpu.o [3]
  .rodata          const          0xd94   0x1b0  sysctl.o [3]
  .text            ro code        0xf44   0x1a2  DblMul.o [4]
  .text            ro code       0x10e6    0x3a  zero_init3.o [5]
  .text            ro code       0x1120   0x18c  gpio.o [3]
  .text            ro code       0x12ac   0x108  main.o [1]
  .text            ro code       0x13b4    0x9c  timer.o [3]
  .text            ro code       0x1450    0x1a  U32ToDbl.o [4]
  .text            ro code       0x146a     0x2  startup_TM4C1294.o [1]
  .text            ro code       0x146c    0x28  DblToU32.o [4]
  .rodata          const         0x1494    0x90  gpio.o [3]
  .rodata          const         0x1524    0x6c  sysctl.o [3]
  .rodata          const         0x1590    0x30  sysctl.o [3]
  .text            ro code       0x15c0    0x28  data_init.o [5]
  .iar.init_table  const         0x15e8    0x10  - Linker created -
  .text            ro code       0x15f8    0x20  system_TM4C1294_TW.o [1]
  .text            ro code       0x1618    0x1e  cmain.o [5]
  .text            ro code       0x1636     0x4  low_level_init.o [2]
  .text            ro code       0x163a     0x4  exit.o [2]
  .text            ro code       0x1640     0xa  cexit.o [5]
  .text            ro code       0x164c    0x14  exit.o [6]
  .rodata          const         0x1660    0x14  uartstdio.o [1]
  .text            ro code       0x1674    0x14  startup_TM4C1294.o [1]
  .rodata          const         0x1688     0xc  main.o [1]
  .rodata          const         0x1694     0xc  main.o [1]
  .rodata          const         0x16a0     0xc  uartstdio.o [1]
  .rodata          const         0x16ac     0xc  uartstdio.o [1]
  .rodata          const         0x16b8     0xc  uartstdio.o [1]
  .text            ro code       0x16c4     0xc  cstartup_M.o [5]
  .rodata          const         0x16d0     0x8  uartstdio.o [1]
  .rodata          const         0x16d8     0x4  uartstdio.o [1]
  .rodata          const         0x16dc     0x0  zero_init3.o [5]
                               - 0x16dc  0x131c

"P2", part 1 of 2:                        0x4a0
  .bss             zero     0x2000'0000   0x400  uartstdio.o [1]
  .bss             zero     0x2000'0400    0x80  uartstdio.o [1]
  .bss             zero     0x2000'0480     0x4  main.o [1]
  .bss             zero     0x2000'0484     0x4  uartstdio.o [1]
  .bss             zero     0x2000'0488     0x4  uartstdio.o [1]
  .bss             zero     0x2000'048c     0x4  uartstdio.o [1]
  .bss             zero     0x2000'0490     0x4  uartstdio.o [1]
  .bss             zero     0x2000'0494     0x4  uartstdio.o [1]
  .bss             zero     0x2000'0498     0x4  uartstdio.o [1]
  .bss             zero     0x2000'049c     0x1  uartstdio.o [1]
  .bss             zero     0x2000'049d     0x1  uartstdio.o [1]
                          - 0x2000'049e   0x49e

"P2", part 2 of 2:                       0x8008
  .noinit          uninit   0x2000'04a0     0x4  system_TM4C1294_TW.o [1]
  CSTACK                    0x2000'04a8  0x8000  <Block>
    CSTACK         uninit   0x2000'04a8  0x8000  <Block tail>
                          - 0x2000'84a8  0x8008

Unused ranges:

         From           To      Size
         ----           --      ----
       0x16dc     0xf'ffff  0xf'e924
  0x2000'84a8  0x2003'ffff  0x3'7b58


*******************************************************************************
*** INIT TABLE
***

          Address      Size
          -------      ----
Zero (__iar_zero_init3)
    1 destination range, total size 0x49e:
          0x2000'0000  0x49e



*******************************************************************************
*** MODULE SUMMARY
***

    Module                ro code  ro data  rw data
    ------                -------  -------  -------
command line/config:
    -----------------------------------------------
    Total:

C:\Users\Giovane\Documents\Embarcados\entregas\Projects\lab2\Debug\Obj: [1]
    main.o                    264       24        4
    startup_TM4C1294.o        982
    system_TM4C1294_TW.o       32                 4
    uartstdio.o             1'304       68    1'178
    -----------------------------------------------
    Total:                  2'582       92    1'186

dl7M_tln.a: [2]
    exit.o                      4
    low_level_init.o            4
    -----------------------------------------------
    Total:                      8

driverlib.a: [3]
    cpu.o                      16
    gpio.o                    396      144
    interrupt.o               236
    sysctl.o                  684      588
    timer.o                   156
    uart.o                    276
    -----------------------------------------------
    Total:                  1'764      732

m7M_tls.a: [4]
    DblMul.o                  418
    DblToU32.o                 40
    U32ToDbl.o                 26
    -----------------------------------------------
    Total:                    484

rt7M_tl.a: [5]
    cexit.o                    10
    cmain.o                    30
    cstartup_M.o               12
    data_init.o                40
    zero_init3.o               58
    -----------------------------------------------
    Total:                    150

shb_l.a: [6]
    exit.o                     20
    -----------------------------------------------
    Total:                     20

    Gaps                        4
    Linker created                      16   32'768
---------------------------------------------------
    Grand Total:            5'012      840   33'954


*******************************************************************************
*** ENTRY LIST
***

Entry                       Address   Size  Type      Object
-----                       -------   ----  ----      ------
.iar.init_table$$Base        0x15e8          --   Gb  - Linker created -
.iar.init_table$$Limit       0x15f8          --   Gb  - Linker created -
?main                        0x1619         Code  Gb  cmain.o [5]
CPUcpsid                      0xd85    0x8  Code  Gb  cpu.o [3]
CPUcpsie                      0xd8d    0x8  Code  Gb  cpu.o [3]
CSTACK$$Base            0x2000'04a8          --   Gb  - Linker created -
CSTACK$$Limit           0x2000'84a8          --   Gb  - Linker created -
GPIODirModeSet               0x1121   0x28  Code  Gb  gpio.o [3]
GPIOPadConfigSet             0x1149  0x102  Code  Gb  gpio.o [3]
GPIOPinConfigure             0x126b   0x36  Code  Gb  gpio.o [3]
GPIOPinTypeUART              0x1257   0x14  Code  Gb  gpio.o [3]
IntDisable                    0x939   0x46  Code  Gb  interrupt.o [3]
IntEnable                     0x8f1   0x46  Code  Gb  interrupt.o [3]
IntMasterDisable              0x8e1    0x6  Code  Gb  interrupt.o [3]
IntMasterEnable               0x8d9    0x8  Code  Gb  interrupt.o [3]
IsBufferEmpty                 0x3dd   0x12  Code  Lc  uartstdio.o [1]
IsBufferFull                  0x3c1   0x1c  Code  Lc  uartstdio.o [1]
Region$$Table$$Base          0x15e8          --   Gb  - Linker created -
Region$$Table$$Limit         0x15f8          --   Gb  - Linker created -
SysCtlClockFreqSet            0xb43  0x1fc  Code  Gb  sysctl.o [3]
SysCtlPeripheralEnable        0xb25    0x8  Code  Gb  sysctl.o [3]
SysCtlPeripheralPresent
                              0xaf9    0xa  Code  Gb  sysctl.o [3]
SysCtlPeripheralReady         0xb03    0x8  Code  Gb  sysctl.o [3]
SystemCoreClock         0x2000'04a0    0x4  Data  Gb  system_TM4C1294_TW.o [1]
SystemInit                   0x15f9   0x10  Code  Gb  system_TM4C1294_TW.o [1]
TIMER0A_Handler              0x131d   0x12  Code  Gb  main.o [1]
TimerConfigure               0x13c5   0x54  Code  Gb  timer.o [3]
TimerEnable                  0x13b5   0x10  Code  Gb  timer.o [3]
TimerIntClear                0x144b    0x6  Code  Gb  timer.o [3]
TimerIntEnable               0x1441    0xa  Code  Gb  timer.o [3]
TimerLoadSet                 0x1429   0x18  Code  Gb  timer.o [3]
UART0_Handler                0x13ad    0x8  Code  Gb  main.o [1]
UARTCharGetNonBlocking        0xa8b   0x14  Code  Gb  uart.o [3]
UARTCharPutNonBlocking        0xa9f   0x16  Code  Gb  uart.o [3]
UARTCharsAvail                0xa73    0x8  Code  Gb  uart.o [3]
UARTConfigSetExpClk           0x9cd   0x5c  Code  Gb  uart.o [3]
UARTDisable                   0xa43   0x22  Code  Gb  uart.o [3]
UARTEnable                    0xa29   0x1a  Code  Gb  uart.o [3]
UARTFIFOLevelSet              0x9c5    0x8  Code  Gb  uart.o [3]
UARTFlushRx                   0x72d   0x1c  Code  Gb  uartstdio.o [1]
UARTFlushTx                   0x749   0x30  Code  Gb  uartstdio.o [1]
UARTInit                     0x132f   0x54  Code  Gb  main.o [1]
UARTIntClear                  0xad3    0x6  Code  Gb  uart.o [3]
UARTIntDisable                0xabb    0x4  Code  Gb  uart.o [3]
UARTIntEnable                 0xab5    0x6  Code  Gb  uart.o [3]
UARTIntStatus                 0xac7    0xc  Code  Gb  uart.o [3]
UARTPrimeTransmit             0x3ef   0x6a  Code  Lc  uartstdio.o [1]
UARTSpaceAvail                0xa7b    0x6  Code  Gb  uart.o [3]
UARTStdioConfig               0x459   0x7e  Code  Gb  uartstdio.o [1]
UARTStdioIntHandler           0x77d  0x116  Code  Gb  uartstdio.o [1]
UARTStdioIntHandler::bLastWasCR
                        0x2000'049d    0x1  Data  Lc  uartstdio.o [1]
UARTprintf                    0x71f    0xe  Code  Gb  uartstdio.o [1]
UARTvprintf                   0x569  0x1b6  Code  Gb  uartstdio.o [1]
UARTwrite                     0x4d7   0x92  Code  Gb  uartstdio.o [1]
_SysCtlMemTimingGet           0xad9   0x20  Code  Lc  sysctl.o [3]
__Vectors                       0x0          --   Gb  startup_TM4C1294.o [1]
__Vectors_End                 0x3c0         Data  Gb  startup_TM4C1294.o [1]
__Vectors_Size {Abs}          0x3c0          --   Gb  startup_TM4C1294.o [1]
__aeabi_d2uiz                0x146d         Code  Gb  DblToU32.o [4]
__aeabi_dmul                  0xf45         Code  Gb  DblMul.o [4]
__aeabi_ui2d                 0x1451         Code  Gb  U32ToDbl.o [4]
__cmain                      0x1619         Code  Gb  cmain.o [5]
__exit                       0x164d   0x14  Code  Gb  exit.o [6]
__iar_data_init3             0x15c1   0x28  Code  Gb  data_init.o [5]
__iar_init_vfp               0x167d         Code  Wk  startup_TM4C1294.o [1]
__iar_program_start          0x16c5         Code  Gb  cstartup_M.o [5]
__iar_zero_init3             0x10e7   0x3a  Code  Gb  zero_init3.o [5]
__low_level_init             0x1637    0x4  Code  Gb  low_level_init.o [2]
__vector_table                  0x0         Data  Gb  startup_TM4C1294.o [1]
__vector_table_0x1c            0x1c         Data  Gb  startup_TM4C1294.o [1]
_call_main                   0x1625         Code  Gb  cmain.o [5]
_exit                        0x1641         Code  Gb  cexit.o [5]
_main                        0x1633         Code  Gb  cmain.o [5]
exit                         0x163b    0x4  Code  Gb  exit.o [2]
g_bDisableEcho          0x2000'049c    0x1  Data  Lc  uartstdio.o [1]
g_pcHex                      0x16d8    0x4  Data  Lc  uartstdio.o [1]
g_pcUARTRxBuffer        0x2000'0400   0x80  Data  Lc  uartstdio.o [1]
g_pcUARTTxBuffer        0x2000'0000  0x400  Data  Lc  uartstdio.o [1]
g_pppui32XTALtoVCO            0xd94  0x1b0  Data  Lc  sysctl.o [3]
g_pui32Dii16Regs              0x9b0   0x14  Data  Lc  interrupt.o [3]
g_pui32EnRegs                 0x99c   0x14  Data  Lc  interrupt.o [3]
g_pui32GPIOBaseAddrs         0x1494   0x90  Data  Lc  gpio.o [3]
g_pui32VCOFrequencies         0xd7c    0x8  Data  Lc  sysctl.o [3]
g_pui32Xtals                 0x1524   0x6c  Data  Lc  sysctl.o [3]
g_sXTALtoMEMTIM              0x1590   0x30  Data  Lc  sysctl.o [3]
g_ui32Base              0x2000'0494    0x4  Data  Lc  uartstdio.o [1]
g_ui32PortNum           0x2000'0498    0x4  Data  Lc  uartstdio.o [1]
g_ui32UARTBase               0x16a0    0xc  Data  Lc  uartstdio.o [1]
g_ui32UARTInt                0x16ac    0xc  Data  Lc  uartstdio.o [1]
g_ui32UARTPeriph             0x16b8    0xc  Data  Lc  uartstdio.o [1]
g_ui32UARTRxReadIndex   0x2000'0490    0x4  Data  Lc  uartstdio.o [1]
g_ui32UARTRxWriteIndex  0x2000'048c    0x4  Data  Lc  uartstdio.o [1]
g_ui32UARTTxReadIndex   0x2000'0488    0x4  Data  Lc  uartstdio.o [1]
g_ui32UARTTxWriteIndex  0x2000'0484    0x4  Data  Lc  uartstdio.o [1]
main                         0x12ad   0x70  Code  Gb  main.o [1]
time_out                0x2000'0480    0x4  Data  Gb  main.o [1]


[1] = C:\Users\Giovane\Documents\Embarcados\entregas\Projects\lab2\Debug\Obj
[2] = dl7M_tln.a
[3] = driverlib.a
[4] = m7M_tls.a
[5] = rt7M_tl.a
[6] = shb_l.a

   5'012 bytes of readonly  code memory
     840 bytes of readonly  data memory
  33'954 bytes of readwrite data memory

Errors: none
Warnings: none
